THEOREM RCDA.AbelianGroup.add_assoc: axioms=[]
THEOREM RCDA.AbelianGroup.add_comm: axioms=[]
THEOREM RCDA.AbelianGroup.add_left_cancel: axioms=[]
THEOREM RCDA.AbelianGroup.add_left_cancel._simp_1_1: axioms=[]
THEOREM RCDA.AbelianGroup.add_neg_cancel: axioms=[]
THEOREM RCDA.AbelianGroup.add_zero: axioms=[]
THEOREM RCDA.AbelianGroup.neg_add: axioms=[propext]
THEOREM RCDA.AbelianGroup.neg_add.add_left_comm: axioms=[]
THEOREM RCDA.AbelianGroup.neg_add_cancel: axioms=[]
THEOREM RCDA.AbelianGroup.neg_neg: axioms=[]
THEOREM RCDA.AbelianGroup.neg_unique: axioms=[]
THEOREM RCDA.AbelianGroup.neg_zero: axioms=[]
THEOREM RCDA.AbelianGroup.sub.eq_1: axioms=[]
THEOREM RCDA.AbelianGroup.sub_eq_zero_iff: axioms=[]
THEOREM RCDA.AbelianGroup.zero_add: axioms=[]
THEOREM RCDA.AddEnd.ext: axioms=[Quot.sound]
THEOREM RCDA.AddEnd.ext_iff: axioms=[Quot.sound]
THEOREM RCDA.AddEnd.instAdd._proof_1: axioms=[propext]
THEOREM RCDA.AddEnd.instMul._proof_1: axioms=[]
THEOREM RCDA.AddEnd.instNeg._proof_1: axioms=[propext]
THEOREM RCDA.AddEnd.instOne._proof_1: axioms=[]
THEOREM RCDA.AddEnd.instRing._proof_1: axioms=[propext, Quot.sound]
THEOREM RCDA.AddEnd.instRing._proof_2: axioms=[propext, Quot.sound]
THEOREM RCDA.AddEnd.instRing._proof_3: axioms=[propext, Quot.sound]
THEOREM RCDA.AddEnd.instRing._proof_4: axioms=[propext, Quot.sound]
THEOREM RCDA.AddEnd.instRing._proof_5: axioms=[propext, Quot.sound]
THEOREM RCDA.AddEnd.instRing._proof_6: axioms=[propext, Quot.sound]
THEOREM RCDA.AddEnd.instRing._proof_7: axioms=[Quot.sound]
THEOREM RCDA.AddEnd.instRing._proof_8: axioms=[Quot.sound]
THEOREM RCDA.AddEnd.instRing._proof_9: axioms=[Quot.sound]
THEOREM RCDA.AddEnd.instZero._proof_1: axioms=[]
THEOREM RCDA.AddEnd.map_add: axioms=[]
THEOREM RCDA.AddEnd.mk.inj: axioms=[]
THEOREM RCDA.AddEnd.mk.injEq: axioms=[propext]
THEOREM RCDA.AddEnd.mk.sizeOf_spec: axioms=[]
THEOREM RCDA.AdditiveUnitalConjugation.map_add: axioms=[]
THEOREM RCDA.AdditiveUnitalConjugation.map_one: axioms=[]
THEOREM RCDA.ArithmeticFragment.Code.add.inj: axioms=[]
THEOREM RCDA.ArithmeticFragment.Code.add.injEq: axioms=[propext]
THEOREM RCDA.ArithmeticFragment.Code.add.sizeOf_spec: axioms=[]
THEOREM RCDA.ArithmeticFragment.Code.brecOn.eq: axioms=[]
THEOREM RCDA.ArithmeticFragment.Code.conjugate.inj: axioms=[]
THEOREM RCDA.ArithmeticFragment.Code.conjugate.injEq: axioms=[propext]
THEOREM RCDA.ArithmeticFragment.Code.conjugate.sizeOf_spec: axioms=[]
THEOREM RCDA.ArithmeticFragment.Code.constant.inj: axioms=[]
THEOREM RCDA.ArithmeticFragment.Code.constant.injEq: axioms=[propext]
THEOREM RCDA.ArithmeticFragment.Code.constant.sizeOf_spec: axioms=[]
THEOREM RCDA.ArithmeticFragment.Code.join1.inj: axioms=[]
THEOREM RCDA.ArithmeticFragment.Code.join1.injEq: axioms=[propext]
THEOREM RCDA.ArithmeticFragment.Code.join1.sizeOf_spec: axioms=[]
THEOREM RCDA.ArithmeticFragment.Code.join2.inj: axioms=[]
THEOREM RCDA.ArithmeticFragment.Code.join2.injEq: axioms=[propext]
THEOREM RCDA.ArithmeticFragment.Code.join2.sizeOf_spec: axioms=[]
THEOREM RCDA.ArithmeticFragment.Code.join3.inj: axioms=[]
THEOREM RCDA.ArithmeticFragment.Code.join3.injEq: axioms=[propext]
THEOREM RCDA.ArithmeticFragment.Code.join3.sizeOf_spec: axioms=[]
THEOREM RCDA.ArithmeticFragment.Code.join4.inj: axioms=[]
THEOREM RCDA.ArithmeticFragment.Code.join4.injEq: axioms=[propext]
THEOREM RCDA.ArithmeticFragment.Code.join4.sizeOf_spec: axioms=[]
THEOREM RCDA.ArithmeticFragment.Code.load.inj: axioms=[]
THEOREM RCDA.ArithmeticFragment.Code.load.injEq: axioms=[propext]
THEOREM RCDA.ArithmeticFragment.Code.load.sizeOf_spec: axioms=[]
THEOREM RCDA.ArithmeticFragment.Code.multiplyLoop.inj: axioms=[]
THEOREM RCDA.ArithmeticFragment.Code.multiplyLoop.injEq: axioms=[propext]
THEOREM RCDA.ArithmeticFragment.Code.multiplyLoop.sizeOf_spec: axioms=[]
THEOREM RCDA.ArithmeticFragment.Code.sub.inj: axioms=[]
THEOREM RCDA.ArithmeticFragment.Code.sub.injEq: axioms=[propext]
THEOREM RCDA.ArithmeticFragment.Code.sub.sizeOf_spec: axioms=[]
THEOREM RCDA.ArithmeticFragment.Expr.add.inj: axioms=[]
THEOREM RCDA.ArithmeticFragment.Expr.add.injEq: axioms=[propext]
THEOREM RCDA.ArithmeticFragment.Expr.add.sizeOf_spec: axioms=[]
THEOREM RCDA.ArithmeticFragment.Expr.basis.inj: axioms=[]
THEOREM RCDA.ArithmeticFragment.Expr.basis.injEq: axioms=[propext]
THEOREM RCDA.ArithmeticFragment.Expr.basis.sizeOf_spec: axioms=[]
THEOREM RCDA.ArithmeticFragment.Expr.brecOn.eq: axioms=[]
THEOREM RCDA.ArithmeticFragment.Expr.conjugate.inj: axioms=[]
THEOREM RCDA.ArithmeticFragment.Expr.conjugate.injEq: axioms=[propext]
THEOREM RCDA.ArithmeticFragment.Expr.conjugate.sizeOf_spec: axioms=[]
THEOREM RCDA.ArithmeticFragment.Expr.input.inj: axioms=[]
THEOREM RCDA.ArithmeticFragment.Expr.input.injEq: axioms=[propext]
THEOREM RCDA.ArithmeticFragment.Expr.input.sizeOf_spec: axioms=[]
THEOREM RCDA.ArithmeticFragment.Expr.literal.inj: axioms=[]
THEOREM RCDA.ArithmeticFragment.Expr.literal.injEq: axioms=[propext]
THEOREM RCDA.ArithmeticFragment.Expr.literal.sizeOf_spec: axioms=[]
THEOREM RCDA.ArithmeticFragment.Expr.multiply.inj: axioms=[]
THEOREM RCDA.ArithmeticFragment.Expr.multiply.injEq: axioms=[propext]
THEOREM RCDA.ArithmeticFragment.Expr.multiply.sizeOf_spec: axioms=[]
THEOREM RCDA.ArithmeticFragment.Expr.pair1.inj: axioms=[]
THEOREM RCDA.ArithmeticFragment.Expr.pair1.injEq: axioms=[propext]
THEOREM RCDA.ArithmeticFragment.Expr.pair1.sizeOf_spec: axioms=[]
THEOREM RCDA.ArithmeticFragment.Expr.pair2.inj: axioms=[]
THEOREM RCDA.ArithmeticFragment.Expr.pair2.injEq: axioms=[propext]
THEOREM RCDA.ArithmeticFragment.Expr.pair2.sizeOf_spec: axioms=[]
THEOREM RCDA.ArithmeticFragment.Expr.pair3.inj: axioms=[]
THEOREM RCDA.ArithmeticFragment.Expr.pair3.injEq: axioms=[propext]
THEOREM RCDA.ArithmeticFragment.Expr.pair3.sizeOf_spec: axioms=[]
THEOREM RCDA.ArithmeticFragment.Expr.pair4.inj: axioms=[]
THEOREM RCDA.ArithmeticFragment.Expr.pair4.injEq: axioms=[propext]
THEOREM RCDA.ArithmeticFragment.Expr.pair4.sizeOf_spec: axioms=[]
THEOREM RCDA.ArithmeticFragment.Expr.sub.inj: axioms=[]
THEOREM RCDA.ArithmeticFragment.Expr.sub.injEq: axioms=[propext]
THEOREM RCDA.ArithmeticFragment.Expr.sub.sizeOf_spec: axioms=[]
THEOREM RCDA.ArithmeticFragment.Level.complex.sizeOf_spec: axioms=[]
THEOREM RCDA.ArithmeticFragment.Level.octonion.sizeOf_spec: axioms=[]
THEOREM RCDA.ArithmeticFragment.Level.ofNat_ctorIdx: axioms=[]
THEOREM RCDA.ArithmeticFragment.Level.quaternion.sizeOf_spec: axioms=[]
THEOREM RCDA.ArithmeticFragment.Level.scalar.sizeOf_spec: axioms=[]
THEOREM RCDA.ArithmeticFragment.Level.sedenion.sizeOf_spec: axioms=[]
THEOREM RCDA.ArithmeticFragment.decode_add: axioms=[propext]
THEOREM RCDA.ArithmeticFragment.decode_conj: axioms=[propext]
THEOREM RCDA.ArithmeticFragment.decode_join1: axioms=[]
THEOREM RCDA.ArithmeticFragment.decode_join2: axioms=[]
THEOREM RCDA.ArithmeticFragment.decode_join3: axioms=[]
THEOREM RCDA.ArithmeticFragment.decode_join4: axioms=[]
THEOREM RCDA.ArithmeticFragment.decode_sub: axioms=[propext]
THEOREM RCDA.ArithmeticFragment.denote.eq_1: axioms=[propext]
THEOREM RCDA.ArithmeticFragment.denote.eq_10: axioms=[propext]
THEOREM RCDA.ArithmeticFragment.denote.eq_11: axioms=[propext]
THEOREM RCDA.ArithmeticFragment.denote.eq_2: axioms=[propext]
THEOREM RCDA.ArithmeticFragment.denote.eq_3: axioms=[propext]
THEOREM RCDA.ArithmeticFragment.denote.eq_4: axioms=[propext]
THEOREM RCDA.ArithmeticFragment.denote.eq_5: axioms=[propext]
THEOREM RCDA.ArithmeticFragment.denote.eq_6: axioms=[propext]
THEOREM RCDA.ArithmeticFragment.denote.eq_7: axioms=[propext]
THEOREM RCDA.ArithmeticFragment.denote.eq_8: axioms=[propext]
THEOREM RCDA.ArithmeticFragment.denote.eq_9: axioms=[propext]
THEOREM RCDA.ArithmeticFragment.denote.eq_def: axioms=[propext]
THEOREM RCDA.ArithmeticFragment.instDecidableEqLevel._proof_1: axioms=[]
THEOREM RCDA.ArithmeticFragment.instDecidableEqLevel._proof_2: axioms=[]
THEOREM RCDA.ArithmeticFragment.run.eq_1: axioms=[propext]
THEOREM RCDA.ArithmeticFragment.run.eq_10: axioms=[propext]
THEOREM RCDA.ArithmeticFragment.run.eq_2: axioms=[propext]
THEOREM RCDA.ArithmeticFragment.run.eq_3: axioms=[propext]
THEOREM RCDA.ArithmeticFragment.run.eq_4: axioms=[propext]
THEOREM RCDA.ArithmeticFragment.run.eq_5: axioms=[propext]
THEOREM RCDA.ArithmeticFragment.run.eq_6: axioms=[propext]
THEOREM RCDA.ArithmeticFragment.run.eq_7: axioms=[propext]
THEOREM RCDA.ArithmeticFragment.run.eq_8: axioms=[propext]
THEOREM RCDA.ArithmeticFragment.run.eq_9: axioms=[propext]
THEOREM RCDA.ArithmeticFragment.run.eq_def: axioms=[propext]
THEOREM RCDA.ArithmeticFragment.translate.eq_1: axioms=[]
THEOREM RCDA.ArithmeticFragment.translate.eq_10: axioms=[]
THEOREM RCDA.ArithmeticFragment.translate.eq_11: axioms=[]
THEOREM RCDA.ArithmeticFragment.translate.eq_2: axioms=[]
THEOREM RCDA.ArithmeticFragment.translate.eq_3: axioms=[]
THEOREM RCDA.ArithmeticFragment.translate.eq_4: axioms=[]
THEOREM RCDA.ArithmeticFragment.translate.eq_5: axioms=[]
THEOREM RCDA.ArithmeticFragment.translate.eq_6: axioms=[]
THEOREM RCDA.ArithmeticFragment.translate.eq_7: axioms=[]
THEOREM RCDA.ArithmeticFragment.translate.eq_8: axioms=[]
THEOREM RCDA.ArithmeticFragment.translate.eq_9: axioms=[]
THEOREM RCDA.ArithmeticFragment.translate.eq_def: axioms=[]
THEOREM RCDA.ArithmeticFragment.translation_correct: axioms=[propext, Quot.sound]
THEOREM RCDA.AssociatorCoupling.associative_preserves_reference: axioms=[propext]
THEOREM RCDA.AssociatorCoupling.mk.inj: axioms=[]
THEOREM RCDA.AssociatorCoupling.mk.injEq: axioms=[propext]
THEOREM RCDA.AssociatorCoupling.mk.sizeOf_spec: axioms=[]
THEOREM RCDA.AssociatorCoupling.vanishes_when_associative: axioms=[]
THEOREM RCDA.AssociatorCoupling.zero._proof_1: axioms=[]
THEOREM RCDA.CentralAction.add_scale: axioms=[]
THEOREM RCDA.CentralAction.mul_scale: axioms=[]
THEOREM RCDA.CentralAction.one_scale: axioms=[]
THEOREM RCDA.CentralAction.scale_add: axioms=[]
THEOREM RCDA.CentralAction.scale_mul_left: axioms=[]
THEOREM RCDA.CentralAction.scale_mul_right: axioms=[]
THEOREM RCDA.CentralAction.scale_neg: axioms=[]
THEOREM RCDA.CentralAction.scale_zero: axioms=[]
THEOREM RCDA.Conjugation.conj_zero: axioms=[]
THEOREM RCDA.DivisionAlgebra.left_division: axioms=[]
THEOREM RCDA.DivisionAlgebra.one_ne_zero: axioms=[]
THEOREM RCDA.DivisionAlgebra.right_division: axioms=[]
THEOREM RCDA.Double.add_im: axioms=[]
THEOREM RCDA.Double.add_re: axioms=[]
THEOREM RCDA.Double.annihilation_crosses_levels: axioms=[propext, Classical.choice, Quot.sound]
THEOREM RCDA.Double.canonicalSector._proof_1: axioms=[propext]
THEOREM RCDA.Double.canonicalSector._proof_2: axioms=[propext]
THEOREM RCDA.Double.canonicalSector._proof_3: axioms=[propext]
THEOREM RCDA.Double.canonicalSector._proof_4: axioms=[propext]
THEOREM RCDA.Double.canonicalSector._proof_5: axioms=[propext]
THEOREM RCDA.Double.division_sector_escape: axioms=[propext, Classical.choice, Quot.sound]
THEOREM RCDA.Double.embed_add: axioms=[]
THEOREM RCDA.Double.embed_injective: axioms=[]
THEOREM RCDA.Double.embed_mul: axioms=[propext]
THEOREM RCDA.Double.embed_neg: axioms=[]
THEOREM RCDA.Double.embed_one: axioms=[]
THEOREM RCDA.Double.embed_zero: axioms=[]
THEOREM RCDA.Double.ext: axioms=[]
THEOREM RCDA.Double.ext_iff: axioms=[]
THEOREM RCDA.Double.instAdditiveUnitalConjugation._proof_1: axioms=[propext]
THEOREM RCDA.Double.instAdditiveUnitalConjugation._proof_2: axioms=[propext]
THEOREM RCDA.Double.instAdditiveUnitalConjugation._proof_3: axioms=[propext]
THEOREM RCDA.Double.instNonAssocRing._proof_1: axioms=[]
THEOREM RCDA.Double.instNonAssocRing._proof_2: axioms=[]
THEOREM RCDA.Double.instNonAssocRing._proof_3: axioms=[]
THEOREM RCDA.Double.instNonAssocRing._proof_4: axioms=[]
THEOREM RCDA.Double.instNonAssocRing._proof_5: axioms=[propext]
THEOREM RCDA.Double.instNonAssocRing._proof_6: axioms=[propext]
THEOREM RCDA.Double.instNonAssocRing._proof_7: axioms=[propext]
THEOREM RCDA.Double.instNonAssocRing._proof_8: axioms=[propext]
THEOREM RCDA.Double.lower_mul: axioms=[propext]
THEOREM RCDA.Double.lower_sector_no_annihilation: axioms=[propext, Classical.choice, Quot.sound]
THEOREM RCDA.Double.mk.inj: axioms=[]
THEOREM RCDA.Double.mk.injEq: axioms=[propext]
THEOREM RCDA.Double.mk.sizeOf_spec: axioms=[]
THEOREM RCDA.Double.mul_im: axioms=[]
THEOREM RCDA.Double.mul_re: axioms=[]
THEOREM RCDA.Double.neg_im: axioms=[]
THEOREM RCDA.Double.neg_re: axioms=[]
THEOREM RCDA.Double.one_im: axioms=[]
THEOREM RCDA.Double.one_re: axioms=[]
THEOREM RCDA.Double.upper_mul: axioms=[propext]
THEOREM RCDA.Double.upper_sector_no_annihilation: axioms=[propext, Classical.choice, Quot.sound]
THEOREM RCDA.Double.zero_im: axioms=[]
THEOREM RCDA.Double.zero_re: axioms=[]
THEOREM RCDA.IntegerBounds.accumulatorBound.eq_1: axioms=[]
THEOREM RCDA.IntegerBounds.accumulator_fits_i64: axioms=[propext, Classical.choice, Quot.sound]
THEOREM RCDA.IntegerBounds.accumulator_fits_i64._proof_1_4: axioms=[propext, Quot.sound]
THEOREM RCDA.IntegerBounds.accumulator_fits_i64._proof_1_5: axioms=[propext, Classical.choice, Quot.sound]
THEOREM RCDA.IntegerBounds.guard_implies_bound: axioms=[propext, Quot.sound]
THEOREM RCDA.IntegerBounds.guard_implies_bound._proof_1_2: axioms=[propext, Quot.sound]
THEOREM RCDA.IntegerBounds.guard_implies_bound._proof_1_3: axioms=[propext, Quot.sound]
THEOREM RCDA.IntegerBounds.inputBound.eq_1: axioms=[]
THEOREM RCDA.IntegerBounds.termBound.eq_1: axioms=[]
THEOREM RCDA.IntegerBounds.term_bound: axioms=[propext]
THEOREM RCDA.NonAssocRing.left_distrib: axioms=[]
THEOREM RCDA.NonAssocRing.mul_neg: axioms=[]
THEOREM RCDA.NonAssocRing.mul_one: axioms=[]
THEOREM RCDA.NonAssocRing.mul_zero: axioms=[]
THEOREM RCDA.NonAssocRing.neg_mul: axioms=[]
THEOREM RCDA.NonAssocRing.one_mul: axioms=[]
THEOREM RCDA.NonAssocRing.right_distrib: axioms=[]
THEOREM RCDA.NonAssocRing.zero_mul: axioms=[]
THEOREM RCDA.OctonionLike.conj_add: axioms=[]
THEOREM RCDA.OctonionLike.conj_involutive: axioms=[]
THEOREM RCDA.OctonionLike.conj_mul: axioms=[]
THEOREM RCDA.OctonionLike.conj_one: axioms=[]
THEOREM RCDA.OctonionLike.left_alternative: axioms=[]
THEOREM RCDA.OctonionLike.non_associative: axioms=[]
THEOREM RCDA.OctonionLike.right_alternative: axioms=[]
THEOREM RCDA.PathGroupoid.assoc: axioms=[]
THEOREM RCDA.PathGroupoid.identity_left: axioms=[]
THEOREM RCDA.PathGroupoid.identity_right: axioms=[]
THEOREM RCDA.PathGroupoid.inverse_left: axioms=[]
THEOREM RCDA.PathGroupoid.inverse_right: axioms=[]
THEOREM RCDA.PathGroupoid.mk.inj: axioms=[]
THEOREM RCDA.PathGroupoid.mk.injEq: axioms=[propext]
THEOREM RCDA.PathGroupoid.mk.sizeOf_spec: axioms=[]
THEOREM RCDA.ProductEmbedding.injective: axioms=[]
THEOREM RCDA.ProductEmbedding.map_mul: axioms=[]
THEOREM RCDA.ProductEmbedding.map_zero: axioms=[]
THEOREM RCDA.ProductEmbedding.mk.inj: axioms=[]
THEOREM RCDA.ProductEmbedding.mk.injEq: axioms=[propext]
THEOREM RCDA.ProductEmbedding.mk.sizeOf_spec: axioms=[]
THEOREM RCDA.RCDAModel.annihilation: axioms=[]
THEOREM RCDA.RCDAModel.mk.inj: axioms=[]
THEOREM RCDA.RCDAModel.mk.injEq: axioms=[propext]
THEOREM RCDA.RCDAModel.mk.sizeOf_spec: axioms=[]
THEOREM RCDA.RCDAModel.witness_escapes: axioms=[propext, Classical.choice, Quot.sound]
THEOREM RCDA.RelationalComposition.Protocol.mk.inj: axioms=[]
THEOREM RCDA.RelationalComposition.Protocol.mk.injEq: axioms=[propext]
THEOREM RCDA.RelationalComposition.Protocol.mk.sizeOf_spec: axioms=[]
THEOREM RCDA.RelationalComposition.System.mk.inj: axioms=[]
THEOREM RCDA.RelationalComposition.System.mk.injEq: axioms=[propext]
THEOREM RCDA.RelationalComposition.System.mk.sizeOf_spec: axioms=[]
THEOREM RCDA.RelationalComposition.additive.eq_1: axioms=[]
THEOREM RCDA.RelationalComposition.associative_contexts_nonzero_operational: axioms=[propext]
THEOREM RCDA.RelationalComposition.contextual_annihilation_escapes: axioms=[]
THEOREM RCDA.RelationalComposition.encoding_change_without_defect: axioms=[propext, Quot.sound]
THEOREM RCDA.RelationalComposition.encoding_change_without_defect._proof_1_5: axioms=[propext, Quot.sound]
THEOREM RCDA.RelationalComposition.encoding_changes: axioms=[]
THEOREM RCDA.RelationalComposition.faithful_updates_force_associativity: axioms=[propext]
THEOREM RCDA.RelationalComposition.fixed_product_reduces: axioms=[propext]
THEOREM RCDA.RelationalComposition.frozenDefect.eq_1: axioms=[]
THEOREM RCDA.RelationalComposition.frozen_protocol_reduces: axioms=[propext]
THEOREM RCDA.RelationalComposition.leftValue.eq_1: axioms=[]
THEOREM RCDA.RelationalComposition.operationalDefect.eq_1: axioms=[]
THEOREM RCDA.RelationalComposition.rightValue.eq_1: axioms=[]
THEOREM RCDA.RelationalComposition.shifted.eq_1: axioms=[]
THEOREM RCDA.RelationalComposition.shifted_frozen_associative: axioms=[propext, Quot.sound]
THEOREM RCDA.RelationalComposition.shifted_frozen_associative._proof_1_2: axioms=[propext, Quot.sound]
THEOREM RCDA.RelationalComposition.update_functions_associative: axioms=[]
THEOREM RCDA.Ring.mul_assoc: axioms=[]
THEOREM RCDA.Sector.add_mem: axioms=[]
THEOREM RCDA.Sector.associative_iff: axioms=[]
THEOREM RCDA.Sector.incompatible: axioms=[]
THEOREM RCDA.Sector.mk.inj: axioms=[]
THEOREM RCDA.Sector.mk.injEq: axioms=[propext]
THEOREM RCDA.Sector.mk.sizeOf_spec: axioms=[]
THEOREM RCDA.Sector.mul_mem: axioms=[]
THEOREM RCDA.Sector.neg_mem: axioms=[]
THEOREM RCDA.Sector.one_mem: axioms=[]
THEOREM RCDA.Sector.zero_mem: axioms=[]
THEOREM RCDA.SounioBridge.basisSign.eq_1: axioms=[]
THEOREM RCDA.SounioBridge.basisSign.eq_2: axioms=[]
THEOREM RCDA.SounioBridge.basisSign.eq_def: axioms=[Quot.sound]
THEOREM RCDA.SounioBridge.basisSign_abs: axioms=[propext]
THEOREM RCDA.SounioBridge.coefficient.eq_1: axioms=[propext]
THEOREM RCDA.SounioBridge.each_update_fits_i64: axioms=[propext, Classical.choice, Quot.sound]
THEOREM RCDA.SounioBridge.encode.eq_1: axioms=[]
THEOREM RCDA.SounioBridge.innerLoop_bound: axioms=[propext, Quot.sound]
THEOREM RCDA.SounioBridge.innerLoop_bound._proof_1_1: axioms=[propext, Quot.sound]
THEOREM RCDA.SounioBridge.loop_refines: axioms=[propext, Quot.sound]
THEOREM RCDA.SounioBridge.multiplication_refines: axioms=[propext, Quot.sound]
THEOREM RCDA.SounioBridge.multiplication_refines._proof_1_10: axioms=[propext, Quot.sound]
THEOREM RCDA.SounioBridge.multiplication_refines._proof_1_11: axioms=[propext, Quot.sound]
THEOREM RCDA.SounioBridge.multiplication_refines._proof_1_12: axioms=[propext, Quot.sound]
THEOREM RCDA.SounioBridge.multiplication_refines._proof_1_13: axioms=[propext, Quot.sound]
THEOREM RCDA.SounioBridge.multiplication_refines._proof_1_14: axioms=[propext, Quot.sound]
THEOREM RCDA.SounioBridge.multiplication_refines._proof_1_15: axioms=[propext, Quot.sound]
THEOREM RCDA.SounioBridge.multiplication_refines._proof_1_16: axioms=[propext, Quot.sound]
THEOREM RCDA.SounioBridge.multiplication_refines._proof_1_17: axioms=[propext, Quot.sound]
THEOREM RCDA.SounioBridge.multiplication_refines._proof_1_18: axioms=[propext, Quot.sound]
THEOREM RCDA.SounioBridge.multiplication_refines._proof_1_19: axioms=[propext, Quot.sound]
THEOREM RCDA.SounioBridge.multiplication_refines._proof_1_20: axioms=[propext, Quot.sound]
THEOREM RCDA.SounioBridge.multiplication_refines._proof_1_21: axioms=[propext, Quot.sound]
THEOREM RCDA.SounioBridge.multiplication_refines._proof_1_22: axioms=[propext, Quot.sound]
THEOREM RCDA.SounioBridge.multiplication_refines._proof_1_23: axioms=[propext, Quot.sound]
THEOREM RCDA.SounioBridge.multiplication_refines._proof_1_24: axioms=[propext, Quot.sound]
THEOREM RCDA.SounioBridge.multiplication_refines._proof_1_9: axioms=[propext, Quot.sound]
THEOREM RCDA.SounioBridge.outerLoop.eq_1: axioms=[propext]
THEOREM RCDA.SounioBridge.outerLoop.eq_2: axioms=[propext]
THEOREM RCDA.SounioBridge.outerLoop.eq_def: axioms=[propext]
THEOREM RCDA.SounioBridge.outerLoop_bound: axioms=[propext, Quot.sound]
THEOREM RCDA.SounioBridge.outerLoop_count_bound: axioms=[propext, Quot.sound]
THEOREM RCDA.SounioBridge.outerLoop_project: axioms=[propext, Quot.sound]
THEOREM RCDA.SounioBridge.rowLoop.eq_1: axioms=[propext]
THEOREM RCDA.SounioBridge.rowLoop.eq_2: axioms=[propext]
THEOREM RCDA.SounioBridge.rowLoop.eq_def: axioms=[propext]
THEOREM RCDA.SounioBridge.rowLoop_project: axioms=[propext]
THEOREM RCDA.SounioBridge.sumLoop.eq_1: axioms=[]
THEOREM RCDA.SounioBridge.sumLoop.eq_2: axioms=[]
THEOREM RCDA.SounioBridge.sumLoop.eq_def: axioms=[]
THEOREM RCDA.SounioBridge.sumLoop_bound: axioms=[propext, Quot.sound]
THEOREM RCDA.SounioBridge.xor_index_bound: axioms=[propext]
THEOREM RCDA.Transport.along_comp: axioms=[]
THEOREM RCDA.Transport.along_identity: axioms=[]
THEOREM RCDA.Transport.memory_iff_loop_displacement: axioms=[]
THEOREM RCDA.Transport.mk.inj: axioms=[]
THEOREM RCDA.Transport.mk.injEq: axioms=[propext]
THEOREM RCDA.Transport.mk.sizeOf_spec: axioms=[]
THEOREM RCDA.Transport.redo: axioms=[]
THEOREM RCDA.Transport.undo: axioms=[]
THEOREM RCDA.annihilation_obstructs_left_inverse: axioms=[]
THEOREM RCDA.associative_iff_associator_zero: axioms=[]
THEOREM RCDA.associative_with_annihilation: axioms=[]
THEOREM RCDA.associativity_does_not_decide_annihilation: axioms=[propext, Classical.choice, Quot.sound]
THEOREM RCDA.associator.eq_1: axioms=[]
THEOREM RCDA.associator_eq_zero_iff: axioms=[]
THEOREM RCDA.bool_associative: axioms=[]
THEOREM RCDA.bool_has_no_annihilation: axioms=[propext, Classical.choice, Quot.sound]
THEOREM RCDA.bool_noZeroDivisors: axioms=[propext, Classical.choice, Quot.sound]
THEOREM RCDA.concrete_annihilation: axioms=[propext]
THEOREM RCDA.concrete_hasZeroDivisors: axioms=[propext]
THEOREM RCDA.concrete_no_universal_recovery: axioms=[propext]
THEOREM RCDA.concrete_octonion_associator: axioms=[propext]
THEOREM RCDA.concrete_octonion_associator_value: axioms=[propext]
THEOREM RCDA.concrete_octonion_nonAssociative: axioms=[propext]
THEOREM RCDA.covariantExterior.eq_1: axioms=[]
THEOREM RCDA.curvature.eq_1: axioms=[]
THEOREM RCDA.curvature_deformation: axioms=[propext]
THEOREM RCDA.curvature_scaled_deformation: axioms=[propext]
THEOREM RCDA.curvature_zero_deformation: axioms=[propext]
THEOREM RCDA.deform.eq_1: axioms=[]
THEOREM RCDA.division_noZeroDivisors: axioms=[propext, Classical.choice, Quot.sound]
THEOREM RCDA.embedded_sector_no_annihilation: axioms=[]
THEOREM RCDA.instAdditiveUnitalConjugationInt._proof_1: axioms=[propext]
THEOREM RCDA.instAdditiveUnitalConjugationInt._proof_2: axioms=[propext]
THEOREM RCDA.instAdditiveUnitalConjugationInt._proof_3: axioms=[propext]
THEOREM RCDA.instDecidableEqDouble.decEq._proof_1: axioms=[]
THEOREM RCDA.instDecidableEqDouble.decEq._proof_2: axioms=[]
THEOREM RCDA.instDecidableEqDouble.decEq._proof_3: axioms=[]
THEOREM RCDA.instDivisionAlgebraBool._proof_1: axioms=[]
THEOREM RCDA.instDivisionAlgebraBool._proof_2: axioms=[]
THEOREM RCDA.instDivisionAlgebraBool._proof_3: axioms=[]
THEOREM RCDA.instNonAssocRingBool._proof_1: axioms=[]
THEOREM RCDA.instNonAssocRingBool._proof_2: axioms=[]
THEOREM RCDA.instNonAssocRingBool._proof_3: axioms=[]
THEOREM RCDA.instNonAssocRingBool._proof_4: axioms=[]
THEOREM RCDA.instNonAssocRingBool._proof_5: axioms=[]
THEOREM RCDA.instNonAssocRingBool._proof_6: axioms=[]
THEOREM RCDA.instNonAssocRingBool._proof_7: axioms=[]
THEOREM RCDA.instNonAssocRingBool._proof_8: axioms=[]
THEOREM RCDA.instNonAssocRingProd._proof_1: axioms=[]
THEOREM RCDA.instNonAssocRingProd._proof_2: axioms=[]
THEOREM RCDA.instNonAssocRingProd._proof_3: axioms=[]
THEOREM RCDA.instNonAssocRingProd._proof_4: axioms=[]
THEOREM RCDA.instNonAssocRingProd._proof_5: axioms=[]
THEOREM RCDA.instNonAssocRingProd._proof_6: axioms=[]
THEOREM RCDA.instNonAssocRingProd._proof_7: axioms=[]
THEOREM RCDA.instNonAssocRingProd._proof_8: axioms=[]
THEOREM RCDA.instRingBool._proof_1: axioms=[]
THEOREM RCDA.instRingProd._proof_1: axioms=[]
THEOREM RCDA.nonAssociative_iff_nonzero_associator: axioms=[]
THEOREM RCDA.nonAssociative_with_zero_correction: axioms=[propext]
THEOREM RCDA.nontrivial_annihilation_requires_sector_escape: axioms=[]
THEOREM RCDA.wedgeSquare.eq_1: axioms=[]
CLAIM RCDAAudit.Tag.proved RCDA.associator_eq_zero_iff
CLAIM RCDAAudit.Tag.proved RCDA.associative_iff_associator_zero
CLAIM RCDAAudit.Tag.proved RCDA.nonAssociative_iff_nonzero_associator
CLAIM RCDAAudit.Tag.proved RCDA.Sector.associative_iff
CLAIM RCDAAudit.Tag.proved RCDA.Sector.incompatible
CLAIM RCDAAudit.Tag.proved RCDA.division_noZeroDivisors
CLAIM RCDAAudit.Tag.proved RCDA.embedded_sector_no_annihilation
CLAIM RCDAAudit.Tag.proved RCDA.nontrivial_annihilation_requires_sector_escape
CLAIM RCDAAudit.Tag.proved RCDA.annihilation_obstructs_left_inverse
CLAIM RCDAAudit.Tag.proved RCDA.Double.embed_mul
CLAIM RCDAAudit.Tag.conditional RCDA.Double.division_sector_escape
CLAIM RCDAAudit.Tag.conditional RCDA.RCDAModel.witness_escapes
CLAIM RCDAAudit.Tag.proved RCDA.curvature_deformation
CLAIM RCDAAudit.Tag.proved RCDA.curvature_scaled_deformation
CLAIM RCDAAudit.Tag.proved RCDA.curvature_zero_deformation
CLAIM RCDAAudit.Tag.conditional RCDA.AssociatorCoupling.associative_preserves_reference
CLAIM RCDAAudit.Tag.proved RCDA.Transport.memory_iff_loop_displacement
CLAIM RCDAAudit.Tag.proved RCDA.concrete_annihilation
CLAIM RCDAAudit.Tag.proved RCDA.concrete_hasZeroDivisors
CLAIM RCDAAudit.Tag.proved RCDA.concrete_octonion_associator
CLAIM RCDAAudit.Tag.proved RCDA.concrete_octonion_associator_value
CLAIM RCDAAudit.Tag.proved RCDA.concrete_octonion_nonAssociative
CLAIM RCDAAudit.Tag.proved RCDA.bool_noZeroDivisors
CLAIM RCDAAudit.Tag.proved RCDA.associativity_does_not_decide_annihilation
CLAIM RCDAAudit.Tag.proved RCDA.nonAssociative_with_zero_correction
CLAIM RCDAAudit.Tag.proved RCDA.concrete_no_universal_recovery
CLAIM RCDAAudit.Tag.proved RCDA.SounioBridge.multiplication_refines
CLAIM RCDAAudit.Tag.proved RCDA.SounioBridge.loop_refines
CLAIM RCDAAudit.Tag.proved RCDA.SounioBridge.basisSign_abs
CLAIM RCDAAudit.Tag.proved RCDA.SounioBridge.xor_index_bound
CLAIM RCDAAudit.Tag.proved RCDA.IntegerBounds.guard_implies_bound
CLAIM RCDAAudit.Tag.proved RCDA.IntegerBounds.term_bound
CLAIM RCDAAudit.Tag.proved RCDA.SounioBridge.innerLoop_bound
CLAIM RCDAAudit.Tag.proved RCDA.SounioBridge.each_update_fits_i64
CLAIM RCDAAudit.Tag.proved RCDA.ArithmeticFragment.translation_correct
CLAIM RCDAAudit.Tag.proved RCDA.RelationalComposition.frozen_protocol_reduces
CLAIM RCDAAudit.Tag.conditional RCDA.RelationalComposition.fixed_product_reduces
CLAIM RCDAAudit.Tag.conditional RCDA.RelationalComposition.contextual_annihilation_escapes
CLAIM RCDAAudit.Tag.proved RCDA.RelationalComposition.shifted_frozen_associative
CLAIM RCDAAudit.Tag.proved RCDA.RelationalComposition.associative_contexts_nonzero_operational
CLAIM RCDAAudit.Tag.proved RCDA.RelationalComposition.encoding_changes
CLAIM RCDAAudit.Tag.proved RCDA.RelationalComposition.encoding_change_without_defect
CLAIM RCDAAudit.Tag.proved RCDA.RelationalComposition.update_functions_associative
CLAIM RCDAAudit.Tag.proved RCDA.RelationalComposition.faithful_updates_force_associativity
CLAIM RCDAAudit.Tag.proved RCDA.Double.lower_mul
CLAIM RCDAAudit.Tag.proved RCDA.Double.lower_sector_no_annihilation
CLAIM RCDAAudit.Tag.proved RCDA.Double.upper_mul
CLAIM RCDAAudit.Tag.proved RCDA.Double.upper_sector_no_annihilation
CLAIM RCDAAudit.Tag.proved RCDA.Double.annihilation_crosses_levels
EVIDENCE [V] V-DIFF1: metadata only
EVIDENCE [V] V-DIFF2: metadata only
EVIDENCE [V] V-EXACT1: metadata only
EVIDENCE [V] V-NEG1: metadata only
EVIDENCE [V] V-MUT1: metadata only
EVIDENCE [V] V-LEAN1: metadata only
EVIDENCE [V] V-ZD1: metadata only
EVIDENCE [V] V-GATE1: metadata only
VALIDATION METADATA: 8 entries; not Lean propositions.
AUDIT PASS: 853 RCDA declarations; 396 theorem declarations; 49 tagged claims; 8 scientific hypotheses kept as text.
FOUNDATIONAL AXIOMS USED: [Classical.choice, Quot.sound, propext]
