OK   asym.invalid.admissible	cpp=0	sounio=0	abs_diff=0
OK   asym.invalid.det_sigma	cpp=-0.003125	sounio=-0.003125	abs_diff=9.97466e-18
OK   asym.rho_0.admissible	cpp=1	sounio=1	abs_diff=0
OK   asym.rho_0.det	cpp=0.25	sounio=0.25	abs_diff=0
OK   asym.rho_0.marginal_P_after_Q	cpp=0.5	sounio=0.5	abs_diff=0
OK   asym.rho_0.p_Pplus	cpp=0.5	sounio=0.5	abs_diff=0
OK   asym.rho_0.p_Qplus	cpp=0.5	sounio=0.5	abs_diff=0
OK   asym.rho_0.pq_Pminus_Qminus	cpp=0.25	sounio=0.25	abs_diff=0
OK   asym.rho_0.pq_Pminus_Qplus	cpp=0.25	sounio=0.25	abs_diff=0
OK   asym.rho_0.pq_Pplus_Qminus	cpp=0.25	sounio=0.25	abs_diff=0
OK   asym.rho_0.pq_Pplus_Qplus	cpp=0.25	sounio=0.25	abs_diff=0
OK   asym.rho_0.qQQ	cpp=0	sounio=0	abs_diff=0
OK   asym.rho_0.qp_Qminus_Pminus	cpp=0.25	sounio=0.25	abs_diff=0
OK   asym.rho_0.qp_Qminus_Pplus	cpp=0.25	sounio=0.25	abs_diff=0
OK   asym.rho_0.qp_Qplus_Pminus	cpp=0.25	sounio=0.25	abs_diff=0
OK   asym.rho_0.qp_Qplus_Pplus	cpp=0.25	sounio=0.25	abs_diff=0
OK   asym.rho_0.rho_a	cpp=0.5	sounio=0.5	abs_diff=0
OK   asym.rho_0.rho_b	cpp=0	sounio=0	abs_diff=0
OK   asym.rho_0.rho_c	cpp=0	sounio=0	abs_diff=0
OK   asym.rho_0.rho_d	cpp=0.5	sounio=0.5	abs_diff=0
OK   asym.rho_L.admissible	cpp=1	sounio=1	abs_diff=0
OK   asym.rho_L.det	cpp=0.230469	sounio=0.230469	abs_diff=0
OK   asym.rho_L.marginal_P_after_Q	cpp=0.5	sounio=0.5	abs_diff=0
OK   asym.rho_L.p_Pplus	cpp=0.625	sounio=0.625	abs_diff=0
OK   asym.rho_L.p_Qplus	cpp=0.5625	sounio=0.5625	abs_diff=0
OK   asym.rho_L.pq_Pminus_Qminus	cpp=0.1875	sounio=0.1875	abs_diff=0
OK   asym.rho_L.pq_Pminus_Qplus	cpp=0.1875	sounio=0.1875	abs_diff=0
OK   asym.rho_L.pq_Pplus_Qminus	cpp=0.3125	sounio=0.3125	abs_diff=0
OK   asym.rho_L.pq_Pplus_Qplus	cpp=0.3125	sounio=0.3125	abs_diff=0
OK   asym.rho_L.qQQ	cpp=0	sounio=0	abs_diff=0
OK   asym.rho_L.qp_Qminus_Pminus	cpp=0.21875	sounio=0.21875	abs_diff=0
OK   asym.rho_L.qp_Qminus_Pplus	cpp=0.21875	sounio=0.21875	abs_diff=0
OK   asym.rho_L.qp_Qplus_Pminus	cpp=0.28125	sounio=0.28125	abs_diff=0
OK   asym.rho_L.qp_Qplus_Pplus	cpp=0.28125	sounio=0.28125	abs_diff=0
OK   asym.rho_L.rho_a	cpp=0.625	sounio=0.625	abs_diff=0
OK   asym.rho_L.rho_b	cpp=0.0625	sounio=0.0625	abs_diff=0
OK   asym.rho_L.rho_c	cpp=0.0625	sounio=0.0625	abs_diff=0
OK   asym.rho_L.rho_d	cpp=0.375	sounio=0.375	abs_diff=0
OK   asym.rho_R.admissible	cpp=1	sounio=1	abs_diff=0
OK   asym.rho_R.det	cpp=0.230469	sounio=0.230469	abs_diff=0
OK   asym.rho_R.marginal_P_after_Q	cpp=0.5	sounio=0.5	abs_diff=0
OK   asym.rho_R.p_Pplus	cpp=0.375	sounio=0.375	abs_diff=0
OK   asym.rho_R.p_Qplus	cpp=0.4375	sounio=0.4375	abs_diff=0
OK   asym.rho_R.pq_Pminus_Qminus	cpp=0.3125	sounio=0.3125	abs_diff=0
OK   asym.rho_R.pq_Pminus_Qplus	cpp=0.3125	sounio=0.3125	abs_diff=0
OK   asym.rho_R.pq_Pplus_Qminus	cpp=0.1875	sounio=0.1875	abs_diff=0
OK   asym.rho_R.pq_Pplus_Qplus	cpp=0.1875	sounio=0.1875	abs_diff=0
OK   asym.rho_R.qQQ	cpp=0	sounio=0	abs_diff=0
OK   asym.rho_R.qp_Qminus_Pminus	cpp=0.28125	sounio=0.28125	abs_diff=0
OK   asym.rho_R.qp_Qminus_Pplus	cpp=0.28125	sounio=0.28125	abs_diff=0
OK   asym.rho_R.qp_Qplus_Pminus	cpp=0.21875	sounio=0.21875	abs_diff=0
OK   asym.rho_R.qp_Qplus_Pplus	cpp=0.21875	sounio=0.21875	abs_diff=0
OK   asym.rho_R.rho_a	cpp=0.375	sounio=0.375	abs_diff=0
OK   asym.rho_R.rho_b	cpp=-0.0625	sounio=-0.0625	abs_diff=0
OK   asym.rho_R.rho_c	cpp=-0.0625	sounio=-0.0625	abs_diff=0
OK   asym.rho_R.rho_d	cpp=0.625	sounio=0.625	abs_diff=0
OK   r_07	cpp=0	sounio=0	abs_diff=0
OK   r_L7	cpp=1	sounio=1	abs_diff=0
OK   r_R7	cpp=-1	sounio=-1	abs_diff=0
OK   sym.invalid.admissible	cpp=0	sounio=0	abs_diff=0
OK   sym.invalid.det_sigma	cpp=-0.155	sounio=-0.155	abs_diff=2.77556e-17
OK   sym.rho_0.admissible	cpp=1	sounio=1	abs_diff=0
OK   sym.rho_0.det	cpp=0.25	sounio=0.25	abs_diff=0
OK   sym.rho_0.marginal_P_after_Q	cpp=0.5	sounio=0.5	abs_diff=0
OK   sym.rho_0.p_Pplus	cpp=0.5	sounio=0.5	abs_diff=0
OK   sym.rho_0.p_Qplus	cpp=0.5	sounio=0.5	abs_diff=0
OK   sym.rho_0.pq_Pminus_Qminus	cpp=0.25	sounio=0.25	abs_diff=0
OK   sym.rho_0.pq_Pminus_Qplus	cpp=0.25	sounio=0.25	abs_diff=0
OK   sym.rho_0.pq_Pplus_Qminus	cpp=0.25	sounio=0.25	abs_diff=0
OK   sym.rho_0.pq_Pplus_Qplus	cpp=0.25	sounio=0.25	abs_diff=0
OK   sym.rho_0.qQQ	cpp=0	sounio=0	abs_diff=0
OK   sym.rho_0.qp_Qminus_Pminus	cpp=0.25	sounio=0.25	abs_diff=0
OK   sym.rho_0.qp_Qminus_Pplus	cpp=0.25	sounio=0.25	abs_diff=0
OK   sym.rho_0.qp_Qplus_Pminus	cpp=0.25	sounio=0.25	abs_diff=0
OK   sym.rho_0.qp_Qplus_Pplus	cpp=0.25	sounio=0.25	abs_diff=0
OK   sym.rho_0.rho_a	cpp=0.5	sounio=0.5	abs_diff=0
OK   sym.rho_0.rho_b	cpp=0	sounio=0	abs_diff=0
OK   sym.rho_0.rho_c	cpp=0	sounio=0	abs_diff=0
OK   sym.rho_0.rho_d	cpp=0.5	sounio=0.5	abs_diff=0
OK   sym.rho_L.admissible	cpp=1	sounio=1	abs_diff=0
OK   sym.rho_L.det	cpp=0.21875	sounio=0.21875	abs_diff=0
OK   sym.rho_L.marginal_P_after_Q	cpp=0.5	sounio=0.5	abs_diff=0
OK   sym.rho_L.p_Pplus	cpp=0.625	sounio=0.625	abs_diff=0
OK   sym.rho_L.p_Qplus	cpp=0.625	sounio=0.625	abs_diff=0
OK   sym.rho_L.pq_Pminus_Qminus	cpp=0.1875	sounio=0.1875	abs_diff=0
OK   sym.rho_L.pq_Pminus_Qplus	cpp=0.1875	sounio=0.1875	abs_diff=0
OK   sym.rho_L.pq_Pplus_Qminus	cpp=0.3125	sounio=0.3125	abs_diff=0
OK   sym.rho_L.pq_Pplus_Qplus	cpp=0.3125	sounio=0.3125	abs_diff=0
OK   sym.rho_L.qQQ	cpp=0	sounio=0	abs_diff=0
OK   sym.rho_L.qp_Qminus_Pminus	cpp=0.1875	sounio=0.1875	abs_diff=0
OK   sym.rho_L.qp_Qminus_Pplus	cpp=0.1875	sounio=0.1875	abs_diff=0
OK   sym.rho_L.qp_Qplus_Pminus	cpp=0.3125	sounio=0.3125	abs_diff=0
OK   sym.rho_L.qp_Qplus_Pplus	cpp=0.3125	sounio=0.3125	abs_diff=0
OK   sym.rho_L.rho_a	cpp=0.625	sounio=0.625	abs_diff=0
OK   sym.rho_L.rho_b	cpp=0.125	sounio=0.125	abs_diff=0
OK   sym.rho_L.rho_c	cpp=0.125	sounio=0.125	abs_diff=0
OK   sym.rho_L.rho_d	cpp=0.375	sounio=0.375	abs_diff=0
OK   sym.rho_R.admissible	cpp=1	sounio=1	abs_diff=0
OK   sym.rho_R.det	cpp=0.21875	sounio=0.21875	abs_diff=0
OK   sym.rho_R.marginal_P_after_Q	cpp=0.5	sounio=0.5	abs_diff=0
OK   sym.rho_R.p_Pplus	cpp=0.375	sounio=0.375	abs_diff=0
OK   sym.rho_R.p_Qplus	cpp=0.375	sounio=0.375	abs_diff=0
OK   sym.rho_R.pq_Pminus_Qminus	cpp=0.3125	sounio=0.3125	abs_diff=0
OK   sym.rho_R.pq_Pminus_Qplus	cpp=0.3125	sounio=0.3125	abs_diff=0
OK   sym.rho_R.pq_Pplus_Qminus	cpp=0.1875	sounio=0.1875	abs_diff=0
OK   sym.rho_R.pq_Pplus_Qplus	cpp=0.1875	sounio=0.1875	abs_diff=0
OK   sym.rho_R.qQQ	cpp=0	sounio=0	abs_diff=0
OK   sym.rho_R.qp_Qminus_Pminus	cpp=0.3125	sounio=0.3125	abs_diff=0
OK   sym.rho_R.qp_Qminus_Pplus	cpp=0.3125	sounio=0.3125	abs_diff=0
OK   sym.rho_R.qp_Qplus_Pminus	cpp=0.1875	sounio=0.1875	abs_diff=0
OK   sym.rho_R.qp_Qplus_Pplus	cpp=0.1875	sounio=0.1875	abs_diff=0
OK   sym.rho_R.rho_a	cpp=0.375	sounio=0.375	abs_diff=0
OK   sym.rho_R.rho_b	cpp=-0.125	sounio=-0.125	abs_diff=0
OK   sym.rho_R.rho_c	cpp=-0.125	sounio=-0.125	abs_diff=0
OK   sym.rho_R.rho_d	cpp=0.625	sounio=0.625	abs_diff=0

--- resumo ---
campos comparados: 115
divergencias acima da tolerancia (1e-09): 0
ausentes no lado Sounio: 0
ausentes no lado C++: 0
maior desvio absoluto: 2.77556e-17 em sym.invalid.det_sigma
COMPARATOR PASS
