(1) subconjuntos fechados de 7 unidades imaginarias: 15
    so indices 1..7: 1 | so 8..15: 0 | mistos: 14
(2) automorfismos monomiais: 2688 | dos quais levam algum e_i (1..7) para a metade 8..15: 0

copias octonionicas: 15 | divisores de zero primitivos: 84
copia (indices)                        | ZD com 0,1,2 indices na copia
*  1  2  3  4  5  6  7 |   0  84   0
   1  2  3  8  9 10 11 |  24  48  12
   1  4  5  8  9 12 13 |  24  48  12
   1  6  7 10 11 12 13 |  24  36  24
   2  4  6  8 10 12 14 |  24  48  12
   2  5  7  9 11 12 14 |  24  36  24
   3  4  7  9 10 13 14 |  24  36  24
   3  5  6  8 11 13 14 |  24  48  12
   3  5  6  9 10 12 15 |  24  36  24
   3  4  7  8 11 12 15 |  24  48  12
   2  5  7  8 10 13 15 |  24  48  12
   2  4  6  9 11 13 15 |  24  36  24
   1  6  7  8  9 14 15 |  24  48  12
   1  4  5 10 11 14 15 |  24  36  24
   1  2  3 12 13 14 15 |  24  36  24

Teste 1 (exaustivo): 23520 pares com um fator numa so metade; menor |xy|/(|x||y|) = 1.000000
Teste 2 (aleatorio): 200000 pares; menor |xy|/(|x||y|) = 1.000000
(um divisor de zero exigiria 0.000000)
